2026-09-24 00:47:27 INFO  com.automationExercise.test.smoke.LoginTest - Starting TC-002: Invalid Login Test
2026-09-24 00:47:27 INFO  com.automationExercise.test.smoke.LoginTest - Opening Login Page
2026-09-24 00:47:30 INFO  com.automationExercise.test.smoke.LoginTest - Entering invalid login credentials
2026-09-24 00:47:31 INFO  com.automationExercise.test.smoke.LoginTest - Verifying invalid login error message
2026-09-24 00:47:34 INFO  com.automationExercise.test.smoke.LoginTest - TC-002 passed successfully
2026-09-24 00:47:36 INFO  com.automationExercise.test.smoke.LoginTest - Starting TC-001: Valid Login Test
2026-09-24 00:47:36 INFO  com.automationExercise.test.smoke.LoginTest - Opening Login Page
2026-09-24 00:47:39 INFO  com.automationExercise.test.smoke.LoginTest - Entering valid login credentials
2026-09-24 00:47:42 INFO  com.automationExercise.test.smoke.LoginTest - Verifying successful login
2026-09-24 00:48:59 INFO  com.automationExercise.test.smoke.LoginTest - Starting TC-002: Invalid Login Test
2026-09-24 00:48:59 INFO  com.automationExercise.test.smoke.LoginTest - Opening Login Page
2026-09-24 00:49:02 INFO  com.automationExercise.test.smoke.LoginTest - Entering invalid login credentials
2026-09-24 00:49:06 INFO  com.automationExercise.test.smoke.LoginTest - Verifying invalid login error message
2026-09-24 00:49:06 INFO  com.automationExercise.test.smoke.LoginTest - TC-002 passed successfully
2026-09-24 15:02:39 INFO  org.testng.internal.Utils - [TestNG] Running:
  C:\Users\hamid\AppData\Local\JetBrains\IdeaIC2025.2\temp-testng-customsuite.xml

2026-09-24 15:02:43 INFO  com.automationExercise.test.smoke.SignupTest - Test Case ID: TC_SIGNUP_001
2026-09-24 15:02:43 INFO  com.automationExercise.test.smoke.SignupTest - Starting valid signup test for user: Quinn Cochran
2026-09-24 15:02:43 INFO  com.automationExercise.test.smoke.SignupTest - Opening Signup page
2026-09-24 15:02:51 INFO  com.automationExercise.test.smoke.SignupTest - Signup details submitted successfully
2026-09-24 15:02:51 INFO  com.automationExercise.test.smoke.SignupTest - Filling account information for user: Quinn Cochran
2026-09-24 15:02:53 INFO  com.automationExercise.test.smoke.SignupTest - Test Case ID: TC_SIGNUP_001
2026-09-24 15:02:53 INFO  com.automationExercise.test.smoke.SignupTest - Starting valid signup test for user: Sarah Johnson
2026-09-24 15:02:53 INFO  com.automationExercise.test.smoke.SignupTest - Opening Signup page
2026-09-24 15:02:57 INFO  com.automationExercise.test.smoke.SignupTest - Signup details submitted successfully
2026-09-24 15:02:57 INFO  com.automationExercise.test.smoke.SignupTest - Filling account information for user: Sarah Johnson
2026-09-24 15:15:34 INFO  org.testng.internal.Utils - [TestNG] Running:
  C:\Users\hamid\IdeaProjects\Project1_AutmationExercise_UITesting_Ecommers\smoke.xml

2026-09-24 15:15:37 INFO  com.automationExercise.test.smoke.SignupTest - Test Case ID: TC_SIGNUP_001
2026-09-24 15:15:37 INFO  com.automationExercise.test.smoke.SignupTest - Starting valid signup test for user: Quinn Cochran
2026-09-24 15:15:37 INFO  com.automationExercise.test.smoke.SignupTest - Opening Signup page
2026-09-24 15:15:43 INFO  com.automationExercise.test.smoke.SignupTest - Signup details submitted successfully
2026-09-24 15:15:43 INFO  com.automationExercise.test.smoke.SignupTest - Filling account information for user: Quinn Cochran
2026-09-24 15:15:44 INFO  com.automationExercise.test.smoke.SignupTest - Test Case ID: TC_SIGNUP_001
2026-09-24 15:15:44 INFO  com.automationExercise.test.smoke.SignupTest - Starting valid signup test for user: Sarah Johnson
2026-09-24 15:15:44 INFO  com.automationExercise.test.smoke.SignupTest - Opening Signup page
2026-09-24 15:15:51 INFO  com.automationExercise.test.smoke.SignupTest - Signup details submitted successfully
2026-09-24 15:15:51 INFO  com.automationExercise.test.smoke.SignupTest - Filling account information for user: Sarah Johnson
2026-09-24 15:22:24 INFO  org.testng.internal.Utils - [TestNG] Running:
  C:\Users\hamid\AppData\Local\JetBrains\IdeaIC2025.2\temp-testng-customsuite.xml

2026-09-24 15:22:27 INFO  com.automationExercise.test.smoke.SignupTest - Test Case ID: TC_SIGNUP_001
2026-09-24 15:22:27 INFO  com.automationExercise.test.smoke.SignupTest - Starting valid signup test for user: Quinn Cochran
2026-09-24 15:22:27 INFO  com.automationExercise.test.smoke.SignupTest - Opening Signup page
2026-09-24 15:22:33 INFO  com.automationExercise.test.smoke.SignupTest - Signup details submitted successfully
2026-09-24 15:22:33 INFO  com.automationExercise.test.smoke.SignupTest - Filling account information for user: Quinn Cochran
2026-09-24 15:22:39 INFO  com.automationExercise.test.smoke.SignupTest - Account information submitted successfully
2026-09-24 15:22:39 INFO  com.automationExercise.test.smoke.SignupTest - Verifying Account Created message
2026-09-24 15:22:39 INFO  com.automationExercise.test.smoke.SignupTest - Test Case TC_SIGNUP_001 passed successfully
2026-09-24 15:22:40 INFO  com.automationExercise.test.smoke.SignupTest - Test Case ID: TC_SIGNUP_001
2026-09-24 15:22:40 INFO  com.automationExercise.test.smoke.SignupTest - Starting valid signup test for user: Sarah Johnson
2026-09-24 15:22:40 INFO  com.automationExercise.test.smoke.SignupTest - Opening Signup page
2026-09-24 15:22:47 INFO  com.automationExercise.test.smoke.SignupTest - Signup details submitted successfully
2026-09-24 15:22:47 INFO  com.automationExercise.test.smoke.SignupTest - Filling account information for user: Sarah Johnson
2026-09-24 15:22:54 INFO  com.automationExercise.test.smoke.SignupTest - Account information submitted successfully
2026-09-24 15:22:54 INFO  com.automationExercise.test.smoke.SignupTest - Verifying Account Created message
2026-09-24 15:22:54 INFO  com.automationExercise.test.smoke.SignupTest - Test Case TC_SIGNUP_001 passed successfully
2026-09-24 15:27:16 INFO  org.testng.internal.Utils - [TestNG] Running:
  C:\Users\hamid\AppData\Local\JetBrains\IdeaIC2025.2\temp-testng-customsuite.xml

2026-09-24 15:27:19 INFO  com.automationExercise.test.smoke.SignupTest - Test Case ID: TC_SIGNUP_001
2026-09-24 15:27:19 INFO  com.automationExercise.test.smoke.SignupTest - Starting valid signup test for user: Quinn Cochran
2026-09-24 15:27:19 INFO  com.automationExercise.test.smoke.SignupTest - Opening Signup page
2026-09-24 15:27:25 INFO  com.automationExercise.test.smoke.SignupTest - Signup details submitted successfully
2026-09-24 15:27:25 INFO  com.automationExercise.test.smoke.SignupTest - Filling account information for user: Quinn Cochran
2026-09-24 15:27:36 INFO  com.automationExercise.test.smoke.SignupTest - Test Case ID: TC_SIGNUP_001
2026-09-24 15:27:36 INFO  com.automationExercise.test.smoke.SignupTest - Starting valid signup test for user: Sarah Johnson
2026-09-24 15:27:36 INFO  com.automationExercise.test.smoke.SignupTest - Opening Signup page
2026-09-24 15:27:44 INFO  com.automationExercise.test.smoke.SignupTest - Signup details submitted successfully
2026-09-24 15:27:44 INFO  com.automationExercise.test.smoke.SignupTest - Filling account information for user: Sarah Johnson
2026-09-24 15:33:53 INFO  org.testng.internal.Utils - [TestNG] Running:
  C:\Users\hamid\AppData\Local\JetBrains\IdeaIC2025.2\temp-testng-customsuite.xml

2026-09-24 15:33:55 INFO  com.automationExercise.test.smoke.SignupTest - Test Case ID: TC_SIGNUP_001
2026-09-24 15:33:55 INFO  com.automationExercise.test.smoke.SignupTest - Starting valid signup test for user: Quinn Cochran
2026-09-24 15:33:55 INFO  com.automationExercise.test.smoke.SignupTest - Opening Signup page
2026-09-24 15:34:00 INFO  com.automationExercise.test.smoke.SignupTest - Test Case ID: TC_SIGNUP_001
2026-09-24 15:34:00 INFO  com.automationExercise.test.smoke.SignupTest - Starting valid signup test for user: Sarah Johnson
2026-09-24 15:34:00 INFO  com.automationExercise.test.smoke.SignupTest - Opening Signup page
2026-09-24 15:44:18 INFO  org.testng.internal.Utils - [TestNG] Running:
  C:\Users\hamid\AppData\Local\JetBrains\IdeaIC2025.2\temp-testng-customsuite.xml

2026-09-24 15:44:21 INFO  com.automationExercise.test.smoke.SignupTest - Test Case ID: TC_SIGNUP_003
2026-09-24 15:44:21 INFO  com.automationExercise.test.smoke.SignupTest - Test Type: Negative
2026-09-24 15:44:21 INFO  com.automationExercise.test.smoke.SignupTest - Starting invalid signup test for user: Quinn Cochran
2026-09-24 15:44:21 INFO  com.automationExercise.test.smoke.SignupTest - Opening Signup page
2026-09-24 15:44:26 INFO  com.automationExercise.test.smoke.SignupTest - Test Case ID: TC_SIGNUP_004
2026-09-24 15:44:26 INFO  com.automationExercise.test.smoke.SignupTest - Test Type: Negative
2026-09-24 15:44:26 INFO  com.automationExercise.test.smoke.SignupTest - Starting invalid signup test for user: Quinn Cochran
2026-09-24 15:44:26 INFO  com.automationExercise.test.smoke.SignupTest - Opening Signup page
2026-09-24 15:44:30 INFO  com.automationExercise.test.smoke.SignupTest - Test Case ID: TC_SIGNUP_005
2026-09-24 15:44:30 INFO  com.automationExercise.test.smoke.SignupTest - Test Type: Negative
2026-09-24 15:44:30 INFO  com.automationExercise.test.smoke.SignupTest - Starting invalid signup test for user: Sarah Johnson
2026-09-24 15:44:30 INFO  com.automationExercise.test.smoke.SignupTest - Opening Signup page
2026-09-24 15:44:34 INFO  com.automationExercise.test.smoke.SignupTest - Test Case ID: TC_SIGNUP_006
2026-09-24 15:44:34 INFO  com.automationExercise.test.smoke.SignupTest - Test Type: Negative
2026-09-24 15:44:34 INFO  com.automationExercise.test.smoke.SignupTest - Starting invalid signup test for user: David Brown
2026-09-24 15:44:34 INFO  com.automationExercise.test.smoke.SignupTest - Opening Signup page
2026-09-24 15:44:38 INFO  com.automationExercise.test.smoke.SignupTest - Test Case ID: TC_SIGNUP_001
2026-09-24 15:44:38 INFO  com.automationExercise.test.smoke.SignupTest - Test Type: Positive
2026-09-24 15:44:38 INFO  com.automationExercise.test.smoke.SignupTest - Starting valid signup test for user: Quinn Cochran
2026-09-24 15:44:38 INFO  com.automationExercise.test.smoke.SignupTest - Opening Signup page
2026-09-24 15:44:43 INFO  com.automationExercise.test.smoke.SignupTest - Test Case ID: TC_SIGNUP_002
2026-09-24 15:44:43 INFO  com.automationExercise.test.smoke.SignupTest - Test Type: Positive
2026-09-24 15:44:43 INFO  com.automationExercise.test.smoke.SignupTest - Starting valid signup test for user: Sarah Johnson
2026-09-24 15:44:43 INFO  com.automationExercise.test.smoke.SignupTest - Opening Signup page
2026-09-24 15:44:47 INFO  com.automationExercise.test.smoke.SignupTest - Test Case ID: 
2026-09-24 15:44:47 INFO  com.automationExercise.test.smoke.SignupTest - Test Type: 
2026-09-24 15:44:47 INFO  com.automationExercise.test.smoke.SignupTest - Starting valid signup test for user: 
2026-09-24 15:44:47 INFO  com.automationExercise.test.smoke.SignupTest - Opening Signup page
2026-09-24 15:44:50 INFO  com.automationExercise.test.smoke.SignupTest - Test Case ID: 
2026-09-24 15:44:50 INFO  com.automationExercise.test.smoke.SignupTest - Test Type: 
2026-09-24 15:44:50 INFO  com.automationExercise.test.smoke.SignupTest - Starting valid signup test for user: 
2026-09-24 15:44:50 INFO  com.automationExercise.test.smoke.SignupTest - Opening Signup page
2026-09-24 16:04:27 INFO  org.testng.internal.Utils - [TestNG] Running:
  C:\Users\hamid\IdeaProjects\Project1_AutmationExercise_UITesting_Ecommers\smoke.xml

2026-09-24 16:04:29 INFO  com.automationExercise.test.smoke.SignupTest - Test Case ID: TC_SIGNUP_001
2026-09-24 16:04:29 INFO  com.automationExercise.test.smoke.SignupTest - Test Type: Positive
2026-09-24 16:04:29 INFO  com.automationExercise.test.smoke.SignupTest - Starting valid signup test for user: Quinn Cochran
2026-09-24 16:04:29 INFO  com.automationExercise.test.smoke.SignupTest - Opening Signup page
2026-09-24 16:04:36 INFO  com.automationExercise.test.smoke.SignupTest - Signup details submitted successfully
2026-09-24 16:04:36 INFO  com.automationExercise.test.smoke.SignupTest - Filling account information for user: Quinn Cochran
2026-09-24 16:04:48 INFO  com.automationExercise.test.smoke.SignupTest - Test Case ID: TC_SIGNUP_002
2026-09-24 16:04:48 INFO  com.automationExercise.test.smoke.SignupTest - Test Type: Positive
2026-09-24 16:04:48 INFO  com.automationExercise.test.smoke.SignupTest - Starting valid signup test for user: Sarah Johnson
2026-09-24 16:04:48 INFO  com.automationExercise.test.smoke.SignupTest - Opening Signup page
2026-09-24 16:04:55 INFO  com.automationExercise.test.smoke.SignupTest - Signup details submitted successfully
2026-09-24 16:04:55 INFO  com.automationExercise.test.smoke.SignupTest - Filling account information for user: Sarah Johnson
2026-09-24 16:05:06 INFO  com.automationExercise.test.smoke.SignupTest - Test Case ID: 
2026-09-24 16:05:06 INFO  com.automationExercise.test.smoke.SignupTest - Test Type: 
2026-09-24 16:05:06 INFO  com.automationExercise.test.smoke.SignupTest - Starting valid signup test for user: 
2026-09-24 16:05:06 INFO  com.automationExercise.test.smoke.SignupTest - Opening Signup page
2026-09-24 16:05:10 INFO  com.automationExercise.test.smoke.SignupTest - Signup details submitted successfully
2026-09-24 16:05:10 INFO  com.automationExercise.test.smoke.SignupTest - Filling account information for user: 
2026-09-24 16:05:21 INFO  com.automationExercise.test.smoke.SignupTest - Test Case ID: 
2026-09-24 16:05:21 INFO  com.automationExercise.test.smoke.SignupTest - Test Type: 
2026-09-24 16:05:21 INFO  com.automationExercise.test.smoke.SignupTest - Starting valid signup test for user: 
2026-09-24 16:05:21 INFO  com.automationExercise.test.smoke.SignupTest - Opening Signup page
2026-09-24 16:05:26 INFO  com.automationExercise.test.smoke.SignupTest - Signup details submitted successfully
2026-09-24 16:05:26 INFO  com.automationExercise.test.smoke.SignupTest - Filling account information for user: 
2026-09-24 16:07:10 INFO  org.testng.internal.Utils - [TestNG] Running:
  C:\Users\hamid\AppData\Local\JetBrains\IdeaIC2025.2\temp-testng-customsuite.xml

2026-09-24 16:15:17 INFO  org.testng.internal.Utils - [TestNG] Running:
  C:\Users\hamid\AppData\Local\JetBrains\IdeaIC2025.2\temp-testng-customsuite.xml

2026-09-24 16:16:15 INFO  org.testng.internal.Utils - [TestNG] Running:
  C:\Users\hamid\AppData\Local\JetBrains\IdeaIC2025.2\temp-testng-customsuite.xml

2026-09-24 16:16:18 INFO  com.automationExercise.test.smoke.SignupTest - Test Case ID: TC_SIGNUP_001
2026-09-24 16:16:18 INFO  com.automationExercise.test.smoke.SignupTest - Test Type: Positive
2026-09-24 16:16:18 INFO  com.automationExercise.test.smoke.SignupTest - Starting valid signup test for user: Quinn Cochran
2026-09-24 16:16:18 INFO  com.automationExercise.test.smoke.SignupTest - Opening Signup page
2026-09-24 16:16:25 INFO  com.automationExercise.test.smoke.SignupTest - Signup details submitted successfully
2026-09-24 16:16:25 INFO  com.automationExercise.test.smoke.SignupTest - Filling account information for user: Quinn Cochran
2026-09-24 16:16:36 INFO  com.automationExercise.test.smoke.SignupTest - Test Case ID: TC_SIGNUP_002
2026-09-24 16:16:36 INFO  com.automationExercise.test.smoke.SignupTest - Test Type: Positive
2026-09-24 16:16:36 INFO  com.automationExercise.test.smoke.SignupTest - Starting valid signup test for user: Sarah Johnson
2026-09-24 16:16:36 INFO  com.automationExercise.test.smoke.SignupTest - Opening Signup page
2026-09-24 16:16:43 INFO  com.automationExercise.test.smoke.SignupTest - Signup details submitted successfully
2026-09-24 16:16:43 INFO  com.automationExercise.test.smoke.SignupTest - Filling account information for user: Sarah Johnson
2026-09-24 16:16:54 INFO  com.automationExercise.test.smoke.SignupTest - Test Case ID: 
2026-09-24 16:16:54 INFO  com.automationExercise.test.smoke.SignupTest - Test Type: 
2026-09-24 16:16:54 INFO  com.automationExercise.test.smoke.SignupTest - Starting valid signup test for user: 
2026-09-24 16:16:54 INFO  com.automationExercise.test.smoke.SignupTest - Opening Signup page
2026-09-24 16:16:58 INFO  com.automationExercise.test.smoke.SignupTest - Signup details submitted successfully
2026-09-24 16:16:58 INFO  com.automationExercise.test.smoke.SignupTest - Filling account information for user: 
2026-09-24 16:17:09 INFO  com.automationExercise.test.smoke.SignupTest - Test Case ID: 
2026-09-24 16:17:09 INFO  com.automationExercise.test.smoke.SignupTest - Test Type: 
2026-09-24 16:17:09 INFO  com.automationExercise.test.smoke.SignupTest - Starting valid signup test for user: 
2026-09-24 16:17:09 INFO  com.automationExercise.test.smoke.SignupTest - Opening Signup page
2026-09-24 16:17:13 INFO  com.automationExercise.test.smoke.SignupTest - Signup details submitted successfully
2026-09-24 16:17:13 INFO  com.automationExercise.test.smoke.SignupTest - Filling account information for user: 
2026-09-24 16:21:05 INFO  org.testng.internal.Utils - [TestNG] Running:
  C:\Users\hamid\AppData\Local\JetBrains\IdeaIC2025.2\temp-testng-customsuite.xml

2026-09-24 16:32:46 INFO  org.testng.internal.Utils - [TestNG] Running:
  C:\Users\hamid\AppData\Local\JetBrains\IdeaIC2025.2\temp-testng-customsuite.xml

2026-09-24 16:32:49 INFO  com.automationExercise.test.smoke.SignupTest - Starting email validation test for user: 
2026-09-24 16:32:49 INFO  com.automationExercise.test.smoke.SignupTest - Opening Signup page
2026-09-24 16:32:52 INFO  com.automationExercise.test.smoke.SignupTest - Entering signup details
2026-09-24 16:32:52 INFO  com.automationExercise.test.smoke.SignupTest - Submitting signup form
2026-09-24 16:32:52 INFO  com.automationExercise.test.smoke.SignupTest - Verifying email validation message
2026-09-24 16:33:09 INFO  org.testng.internal.Utils - [TestNG] Running:
  C:\Users\hamid\AppData\Local\JetBrains\IdeaIC2025.2\temp-testng-customsuite.xml

2026-09-24 16:36:15 INFO  org.testng.internal.Utils - [TestNG] Running:
  C:\Users\hamid\AppData\Local\JetBrains\IdeaIC2025.2\temp-testng-customsuite.xml

2026-09-24 16:36:18 INFO  com.automationExercise.test.smoke.SignupTest - Starting email validation test for user: 
2026-09-24 16:36:18 INFO  com.automationExercise.test.smoke.SignupTest - Opening Signup page
2026-09-24 16:36:21 INFO  com.automationExercise.test.smoke.SignupTest - Entering signup details
2026-09-24 16:36:21 INFO  com.automationExercise.test.smoke.SignupTest - Submitting signup form
2026-09-24 16:36:21 INFO  com.automationExercise.test.smoke.SignupTest - Verifying email validation message
2026-09-24 16:36:23 INFO  com.automationExercise.test.smoke.SignupTest - Test Case ID: TC_SIGNUP_003
2026-09-24 16:36:23 INFO  com.automationExercise.test.smoke.SignupTest - Test Type: Negative
2026-09-24 16:36:23 INFO  com.automationExercise.test.smoke.SignupTest - Starting invalid signup test for user: Quinn Cochran
2026-09-24 16:36:23 INFO  com.automationExercise.test.smoke.SignupTest - Opening Signup page
2026-09-24 16:36:27 INFO  com.automationExercise.test.smoke.SignupTest - Entering signup details
2026-09-24 16:36:27 INFO  com.automationExercise.test.smoke.SignupTest - Submitting signup form
2026-09-24 16:36:27 INFO  com.automationExercise.test.smoke.SignupTest - Verifying existing email error message
2026-09-24 16:36:39 INFO  com.automationExercise.test.smoke.SignupTest - Test Case ID: TC_SIGNUP_004
2026-09-24 16:36:39 INFO  com.automationExercise.test.smoke.SignupTest - Test Type: Negative
2026-09-24 16:36:39 INFO  com.automationExercise.test.smoke.SignupTest - Starting invalid signup test for user: Quinn Cochran
2026-09-24 16:36:39 INFO  com.automationExercise.test.smoke.SignupTest - Opening Signup page
2026-09-24 16:36:44 INFO  com.automationExercise.test.smoke.SignupTest - Entering signup details
2026-09-24 16:36:44 INFO  com.automationExercise.test.smoke.SignupTest - Submitting signup form
2026-09-24 16:36:48 INFO  com.automationExercise.test.smoke.SignupTest - Verifying existing email error message
2026-09-24 16:37:00 INFO  com.automationExercise.test.smoke.SignupTest - Test Case ID: 
2026-09-24 16:37:00 INFO  com.automationExercise.test.smoke.SignupTest - Test Type: 
2026-09-24 16:37:00 INFO  com.automationExercise.test.smoke.SignupTest - Starting invalid signup test for user: 
2026-09-24 16:37:00 INFO  com.automationExercise.test.smoke.SignupTest - Opening Signup page
2026-09-24 16:37:05 INFO  com.automationExercise.test.smoke.SignupTest - Entering signup details
2026-09-24 16:37:05 INFO  com.automationExercise.test.smoke.SignupTest - Submitting signup form
2026-09-24 16:37:05 INFO  com.automationExercise.test.smoke.SignupTest - Verifying existing email error message
2026-09-24 16:37:16 INFO  com.automationExercise.test.smoke.SignupTest - Test Case ID: 
2026-09-24 16:37:16 INFO  com.automationExercise.test.smoke.SignupTest - Test Type: 
2026-09-24 16:37:16 INFO  com.automationExercise.test.smoke.SignupTest - Starting invalid signup test for user: 
2026-09-24 16:37:16 INFO  com.automationExercise.test.smoke.SignupTest - Opening Signup page
2026-09-24 16:37:20 INFO  com.automationExercise.test.smoke.SignupTest - Entering signup details
2026-09-24 16:37:20 INFO  com.automationExercise.test.smoke.SignupTest - Submitting signup form
2026-09-24 16:37:20 INFO  com.automationExercise.test.smoke.SignupTest - Verifying existing email error message
2026-09-24 16:37:32 INFO  com.automationExercise.test.smoke.SignupTest - Test Case ID: TC_SIGNUP_001
2026-09-24 16:37:32 INFO  com.automationExercise.test.smoke.SignupTest - Test Type: Positive
2026-09-24 16:37:32 INFO  com.automationExercise.test.smoke.SignupTest - Starting valid signup test for user: Quinn Cochran
2026-09-24 16:37:32 INFO  com.automationExercise.test.smoke.SignupTest - Opening Signup page
2026-09-24 16:37:39 INFO  com.automationExercise.test.smoke.SignupTest - Signup details submitted successfully
2026-09-24 16:37:39 INFO  com.automationExercise.test.smoke.SignupTest - Filling account information for user: Quinn Cochran
2026-09-24 16:37:50 INFO  com.automationExercise.test.smoke.SignupTest - Test Case ID: TC_SIGNUP_002
2026-09-24 16:37:50 INFO  com.automationExercise.test.smoke.SignupTest - Test Type: Positive
2026-09-24 16:37:50 INFO  com.automationExercise.test.smoke.SignupTest - Starting valid signup test for user: Sarah Johnson
2026-09-24 16:37:50 INFO  com.automationExercise.test.smoke.SignupTest - Opening Signup page
2026-09-24 16:37:57 INFO  com.automationExercise.test.smoke.SignupTest - Signup details submitted successfully
2026-09-24 16:37:57 INFO  com.automationExercise.test.smoke.SignupTest - Filling account information for user: Sarah Johnson
2026-09-24 16:38:08 INFO  com.automationExercise.test.smoke.SignupTest - Test Case ID: 
2026-09-24 16:38:08 INFO  com.automationExercise.test.smoke.SignupTest - Test Type: 
2026-09-24 16:38:08 INFO  com.automationExercise.test.smoke.SignupTest - Starting valid signup test for user: 
2026-09-24 16:38:08 INFO  com.automationExercise.test.smoke.SignupTest - Opening Signup page
2026-09-24 16:38:12 INFO  com.automationExercise.test.smoke.SignupTest - Signup details submitted successfully
2026-09-24 16:38:12 INFO  com.automationExercise.test.smoke.SignupTest - Filling account information for user: 
2026-09-24 16:38:23 INFO  com.automationExercise.test.smoke.SignupTest - Test Case ID: 
2026-09-24 16:38:23 INFO  com.automationExercise.test.smoke.SignupTest - Test Type: 
2026-09-24 16:38:23 INFO  com.automationExercise.test.smoke.SignupTest - Starting valid signup test for user: 
2026-09-24 16:38:23 INFO  com.automationExercise.test.smoke.SignupTest - Opening Signup page
2026-09-24 16:38:27 INFO  com.automationExercise.test.smoke.SignupTest - Signup details submitted successfully
2026-09-24 16:38:27 INFO  com.automationExercise.test.smoke.SignupTest - Filling account information for user: 
2026-09-24 18:50:34 INFO  org.testng.internal.Utils - [TestNG] Running:
  C:\Users\hamid\AppData\Local\JetBrains\IdeaIC2025.2\temp-testng-customsuite.xml

2026-09-24 18:50:38 INFO  com.automationExercise.test.smoke.SignupTest - Test Case ID: TC_SIGNUP_001
2026-09-24 18:50:38 INFO  com.automationExercise.test.smoke.SignupTest - Test Type: Positive
2026-09-24 18:50:38 INFO  com.automationExercise.test.smoke.SignupTest - Starting valid signup test for user: Quinn Cochran
2026-09-24 18:50:38 INFO  com.automationExercise.test.smoke.SignupTest - Opening Signup page
2026-09-24 18:50:43 INFO  com.automationExercise.test.smoke.SignupTest - Signup details submitted successfully
2026-09-24 18:50:43 INFO  com.automationExercise.test.smoke.SignupTest - Filling account information for user: Quinn Cochran
2026-09-24 18:50:56 INFO  com.automationExercise.test.smoke.SignupTest - Test Case ID: TC_SIGNUP_002
2026-09-24 18:50:56 INFO  com.automationExercise.test.smoke.SignupTest - Test Type: Positive
2026-09-24 18:50:56 INFO  com.automationExercise.test.smoke.SignupTest - Starting valid signup test for user: Sarah Johnson
2026-09-24 18:50:56 INFO  com.automationExercise.test.smoke.SignupTest - Opening Signup page
2026-09-24 18:51:02 INFO  com.automationExercise.test.smoke.SignupTest - Signup details submitted successfully
2026-09-24 18:51:02 INFO  com.automationExercise.test.smoke.SignupTest - Filling account information for user: Sarah Johnson
2026-09-24 18:51:43 INFO  org.testng.internal.Utils - [TestNG] Running:
  C:\Users\hamid\AppData\Local\JetBrains\IdeaIC2025.2\temp-testng-customsuite.xml

2026-09-24 18:51:45 INFO  com.automationExercise.test.smoke.SignupTest - Test Case ID: TC_SIGNUP_001
2026-09-24 18:51:45 INFO  com.automationExercise.test.smoke.SignupTest - Test Type: Positive
2026-09-24 18:51:45 INFO  com.automationExercise.test.smoke.SignupTest - Starting valid signup test for user: Quinn Cochran
2026-09-24 18:51:45 INFO  com.automationExercise.test.smoke.SignupTest - Opening Signup page
2026-09-24 18:51:52 INFO  com.automationExercise.test.smoke.SignupTest - Signup details submitted successfully
2026-09-24 18:51:52 INFO  com.automationExercise.test.smoke.SignupTest - Filling account information for user: Quinn Cochran
2026-09-24 18:51:54 INFO  com.automationExercise.test.smoke.SignupTest - Account information filled successfully
2026-09-24 18:51:54 INFO  com.automationExercise.test.smoke.SignupTest - Creating account
2026-09-24 18:51:58 INFO  com.automationExercise.test.smoke.SignupTest - Verifying Account Created message
2026-09-24 18:51:58 INFO  com.automationExercise.test.smoke.SignupTest - Test Case TC_SIGNUP_001 passed successfully
2026-09-24 18:51:59 INFO  com.automationExercise.test.smoke.SignupTest - Test Case ID: TC_SIGNUP_002
2026-09-24 18:51:59 INFO  com.automationExercise.test.smoke.SignupTest - Test Type: Positive
2026-09-24 18:51:59 INFO  com.automationExercise.test.smoke.SignupTest - Starting valid signup test for user: Sarah Johnson
2026-09-24 18:51:59 INFO  com.automationExercise.test.smoke.SignupTest - Opening Signup page
2026-09-24 18:52:08 INFO  com.automationExercise.test.smoke.SignupTest - Signup details submitted successfully
2026-09-24 18:52:08 INFO  com.automationExercise.test.smoke.SignupTest - Filling account information for user: Sarah Johnson
2026-09-24 18:52:10 INFO  com.automationExercise.test.smoke.SignupTest - Account information filled successfully
2026-09-24 18:52:10 INFO  com.automationExercise.test.smoke.SignupTest - Creating account
2026-09-24 18:52:13 INFO  com.automationExercise.test.smoke.SignupTest - Verifying Account Created message
2026-09-24 18:52:13 INFO  com.automationExercise.test.smoke.SignupTest - Test Case TC_SIGNUP_002 passed successfully
2026-09-24 19:07:15 INFO  org.testng.internal.Utils - [TestNG] Running:
  C:\Users\hamid\AppData\Local\JetBrains\IdeaIC2025.2\temp-testng-customsuite.xml

2026-09-24 19:07:18 INFO  com.automationExercise.test.smoke.SignupTest - Test Case ID: TC_SIGNUP_001
2026-09-24 19:07:18 INFO  com.automationExercise.test.smoke.SignupTest - Test Type: Positive
2026-09-24 19:07:18 INFO  com.automationExercise.test.smoke.SignupTest - Starting valid signup test for user: Quinn Cochran
2026-09-24 19:07:18 INFO  com.automationExercise.test.smoke.SignupTest - Opening Signup page
2026-09-24 19:07:23 INFO  com.automationExercise.test.smoke.SignupTest - Signup details submitted successfully
2026-09-24 19:07:23 INFO  com.automationExercise.test.smoke.SignupTest - Filling account information for user: Quinn Cochran
2026-09-24 19:07:35 INFO  com.automationExercise.test.smoke.SignupTest - Test Case ID: TC_SIGNUP_001
2026-09-24 19:07:35 INFO  com.automationExercise.test.smoke.SignupTest - Test Type: Positive
2026-09-24 19:07:35 INFO  com.automationExercise.test.smoke.SignupTest - Starting valid signup test for user: Quinn Cochran
2026-09-24 19:07:35 INFO  com.automationExercise.test.smoke.SignupTest - Opening Signup page
2026-09-24 19:07:41 INFO  com.automationExercise.test.smoke.SignupTest - Signup details submitted successfully
2026-09-24 19:07:41 INFO  com.automationExercise.test.smoke.SignupTest - Filling account information for user: Quinn Cochran
2026-09-24 19:07:53 INFO  com.automationExercise.test.smoke.SignupTest - Test Case ID: TC_SIGNUP_002
2026-09-24 19:07:53 INFO  com.automationExercise.test.smoke.SignupTest - Test Type: Positive
2026-09-24 19:07:53 INFO  com.automationExercise.test.smoke.SignupTest - Starting valid signup test for user: Sarah Johnson
2026-09-24 19:07:53 INFO  com.automationExercise.test.smoke.SignupTest - Opening Signup page
2026-09-24 19:08:00 INFO  com.automationExercise.test.smoke.SignupTest - Signup details submitted successfully
2026-09-24 19:08:00 INFO  com.automationExercise.test.smoke.SignupTest - Filling account information for user: Sarah Johnson
2026-09-24 19:08:11 INFO  com.automationExercise.test.smoke.SignupTest - Test Case ID: TC_SIGNUP_002
2026-09-24 19:08:11 INFO  com.automationExercise.test.smoke.SignupTest - Test Type: Positive
2026-09-24 19:08:11 INFO  com.automationExercise.test.smoke.SignupTest - Starting valid signup test for user: Sarah Johnson
2026-09-24 19:08:11 INFO  com.automationExercise.test.smoke.SignupTest - Opening Signup page
2026-09-24 19:08:17 INFO  com.automationExercise.test.smoke.SignupTest - Signup details submitted successfully
2026-09-24 19:08:17 INFO  com.automationExercise.test.smoke.SignupTest - Filling account information for user: Sarah Johnson
2026-09-24 19:17:44 INFO  com.automationExercise.test.smoke.SignupTest - Test Case ID: TC_SIGNUP_001
2026-09-24 19:17:44 INFO  com.automationExercise.test.smoke.SignupTest - Test Type: Positive
2026-09-24 19:17:44 INFO  com.automationExercise.test.smoke.SignupTest - Starting valid signup test for user: Quinn Cochran
2026-09-24 19:17:44 INFO  com.automationExercise.test.smoke.SignupTest - Opening Signup page
2026-09-24 19:17:51 INFO  com.automationExercise.test.smoke.SignupTest - Signup details submitted successfully
2026-09-24 19:17:51 INFO  com.automationExercise.test.smoke.SignupTest - Filling account information for user: Quinn Cochran
2026-09-24 19:18:02 INFO  com.automationExercise.test.smoke.SignupTest - Test Case ID: TC_SIGNUP_002
2026-09-24 19:18:02 INFO  com.automationExercise.test.smoke.SignupTest - Test Type: Positive
2026-09-24 19:18:02 INFO  com.automationExercise.test.smoke.SignupTest - Starting valid signup test for user: Sarah Johnson
2026-09-24 19:18:02 INFO  com.automationExercise.test.smoke.SignupTest - Opening Signup page
2026-09-24 19:18:09 INFO  com.automationExercise.test.smoke.SignupTest - Signup details submitted successfully
2026-09-24 19:18:09 INFO  com.automationExercise.test.smoke.SignupTest - Filling account information for user: Sarah Johnson
2026-09-24 19:19:32 INFO  com.automationExercise.test.smoke.SignupTest - Test Case ID: TC_SIGNUP_001
2026-09-24 19:19:32 INFO  com.automationExercise.test.smoke.SignupTest - Test Type: Positive
2026-09-24 19:19:32 INFO  com.automationExercise.test.smoke.SignupTest - Starting valid signup test for user: Quinn Cochran
2026-09-24 19:19:32 INFO  com.automationExercise.test.smoke.SignupTest - Opening Signup page
2026-09-24 19:19:39 INFO  com.automationExercise.test.smoke.SignupTest - Signup details submitted successfully
2026-09-24 19:19:39 INFO  com.automationExercise.test.smoke.SignupTest - Filling account information for user: Quinn Cochran
2026-09-24 19:19:50 INFO  com.automationExercise.test.smoke.SignupTest - Test Case ID: TC_SIGNUP_001
2026-09-24 19:19:50 INFO  com.automationExercise.test.smoke.SignupTest - Test Type: Positive
2026-09-24 19:19:50 INFO  com.automationExercise.test.smoke.SignupTest - Starting valid signup test for user: Quinn Cochran
2026-09-24 19:19:50 INFO  com.automationExercise.test.smoke.SignupTest - Opening Signup page
2026-09-24 19:19:57 INFO  com.automationExercise.test.smoke.SignupTest - Signup details submitted successfully
2026-09-24 19:19:57 INFO  com.automationExercise.test.smoke.SignupTest - Filling account information for user: Quinn Cochran
2026-09-24 19:20:08 INFO  com.automationExercise.test.smoke.SignupTest - Test Case ID: TC_SIGNUP_001
2026-09-24 19:20:08 INFO  com.automationExercise.test.smoke.SignupTest - Test Type: Positive
2026-09-24 19:20:08 INFO  com.automationExercise.test.smoke.SignupTest - Starting valid signup test for user: Quinn Cochran
2026-09-24 19:20:08 INFO  com.automationExercise.test.smoke.SignupTest - Opening Signup page
2026-09-24 19:20:13 INFO  com.automationExercise.test.smoke.SignupTest - Signup details submitted successfully
2026-09-24 19:20:13 INFO  com.automationExercise.test.smoke.SignupTest - Filling account information for user: Quinn Cochran
2026-09-24 19:20:24 INFO  com.automationExercise.test.smoke.SignupTest - Test Case ID: TC_SIGNUP_002
2026-09-24 19:20:24 INFO  com.automationExercise.test.smoke.SignupTest - Test Type: Positive
2026-09-24 19:20:24 INFO  com.automationExercise.test.smoke.SignupTest - Starting valid signup test for user: Sarah Johnson
2026-09-24 19:20:24 INFO  com.automationExercise.test.smoke.SignupTest - Opening Signup page
2026-09-24 19:20:32 INFO  com.automationExercise.test.smoke.SignupTest - Signup details submitted successfully
2026-09-24 19:20:32 INFO  com.automationExercise.test.smoke.SignupTest - Filling account information for user: Sarah Johnson
2026-09-24 19:20:43 INFO  com.automationExercise.test.smoke.SignupTest - Test Case ID: TC_SIGNUP_002
2026-09-24 19:20:43 INFO  com.automationExercise.test.smoke.SignupTest - Test Type: Positive
2026-09-24 19:20:43 INFO  com.automationExercise.test.smoke.SignupTest - Starting valid signup test for user: Sarah Johnson
2026-09-24 19:20:43 INFO  com.automationExercise.test.smoke.SignupTest - Opening Signup page
2026-09-24 19:20:50 INFO  com.automationExercise.test.smoke.SignupTest - Signup details submitted successfully
2026-09-24 19:20:50 INFO  com.automationExercise.test.smoke.SignupTest - Filling account information for user: Sarah Johnson
2026-09-24 19:21:02 INFO  com.automationExercise.test.smoke.SignupTest - Test Case ID: TC_SIGNUP_002
2026-09-24 19:21:02 INFO  com.automationExercise.test.smoke.SignupTest - Test Type: Positive
2026-09-24 19:21:02 INFO  com.automationExercise.test.smoke.SignupTest - Starting valid signup test for user: Sarah Johnson
2026-09-24 19:21:02 INFO  com.automationExercise.test.smoke.SignupTest - Opening Signup page
2026-09-24 19:21:08 INFO  com.automationExercise.test.smoke.SignupTest - Signup details submitted successfully
2026-09-24 19:21:08 INFO  com.automationExercise.test.smoke.SignupTest - Filling account information for user: Sarah Johnson
2026-09-24 19:26:20 INFO  org.testng.internal.Utils - [TestNG] Running:
  C:\Users\hamid\IdeaProjects\Project1_AutmationExercise_UITesting_Ecommers\smoke.xml

2026-09-24 19:26:24 INFO  org.testng.internal.Utils - [TestNG] Running:
  C:\Users\hamid\IdeaProjects\Project1_AutmationExercise_UITesting_Ecommers\smoke.xml

2026-09-24 19:26:27 INFO  com.automationExercise.test.smoke.SignupTest - Test Case ID: TC_SIGNUP_001
2026-09-24 19:26:27 INFO  com.automationExercise.test.smoke.SignupTest - Test Type: Positive
2026-09-24 19:26:27 INFO  com.automationExercise.test.smoke.SignupTest - Starting valid signup test for user: Quinn Cochran
2026-09-24 19:26:27 INFO  com.automationExercise.test.smoke.SignupTest - Opening Signup page
2026-09-24 19:26:29 INFO  com.automationExercise.test.smoke.SignupTest - Test Case ID: TC_SIGNUP_001
2026-09-24 19:26:29 INFO  com.automationExercise.test.smoke.SignupTest - Test Type: Positive
2026-09-24 19:26:29 INFO  com.automationExercise.test.smoke.SignupTest - Starting valid signup test for user: Quinn Cochran
2026-09-24 19:26:29 INFO  com.automationExercise.test.smoke.SignupTest - Opening Signup page
2026-09-24 19:26:35 INFO  com.automationExercise.test.smoke.SignupTest - Signup details submitted successfully
2026-09-24 19:26:35 INFO  com.automationExercise.test.smoke.SignupTest - Filling account information for user: Quinn Cochran
2026-09-24 19:26:36 INFO  com.automationExercise.test.smoke.SignupTest - Signup details submitted successfully
2026-09-24 19:26:36 INFO  com.automationExercise.test.smoke.SignupTest - Filling account information for user: Quinn Cochran
2026-09-24 19:26:47 INFO  com.automationExercise.test.smoke.SignupTest - Test Case ID: TC_SIGNUP_001
2026-09-24 19:26:47 INFO  com.automationExercise.test.smoke.SignupTest - Test Type: Positive
2026-09-24 19:26:47 INFO  com.automationExercise.test.smoke.SignupTest - Starting valid signup test for user: Quinn Cochran
2026-09-24 19:26:47 INFO  com.automationExercise.test.smoke.SignupTest - Opening Signup page
2026-09-24 19:26:49 INFO  com.automationExercise.test.smoke.SignupTest - Test Case ID: TC_SIGNUP_001
2026-09-24 19:26:49 INFO  com.automationExercise.test.smoke.SignupTest - Test Type: Positive
2026-09-24 19:26:49 INFO  com.automationExercise.test.smoke.SignupTest - Starting valid signup test for user: Quinn Cochran
2026-09-24 19:26:49 INFO  com.automationExercise.test.smoke.SignupTest - Opening Signup page
2026-09-24 19:26:55 INFO  com.automationExercise.test.smoke.SignupTest - Signup details submitted successfully
2026-09-24 19:26:55 INFO  com.automationExercise.test.smoke.SignupTest - Filling account information for user: Quinn Cochran
2026-09-24 19:26:58 INFO  com.automationExercise.test.smoke.SignupTest - Signup details submitted successfully
2026-09-24 19:26:58 INFO  com.automationExercise.test.smoke.SignupTest - Filling account information for user: Quinn Cochran
2026-09-24 19:27:08 INFO  com.automationExercise.test.smoke.SignupTest - Test Case ID: TC_SIGNUP_001
2026-09-24 19:27:08 INFO  com.automationExercise.test.smoke.SignupTest - Test Type: Positive
2026-09-24 19:27:08 INFO  com.automationExercise.test.smoke.SignupTest - Starting valid signup test for user: Quinn Cochran
2026-09-24 19:27:08 INFO  com.automationExercise.test.smoke.SignupTest - Opening Signup page
2026-09-24 19:27:10 INFO  com.automationExercise.test.smoke.SignupTest - Test Case ID: TC_SIGNUP_001
2026-09-24 19:27:10 INFO  com.automationExercise.test.smoke.SignupTest - Test Type: Positive
2026-09-24 19:27:10 INFO  com.automationExercise.test.smoke.SignupTest - Starting valid signup test for user: Quinn Cochran
2026-09-24 19:27:10 INFO  com.automationExercise.test.smoke.SignupTest - Opening Signup page
2026-09-24 19:27:14 INFO  com.automationExercise.test.smoke.SignupTest - Signup details submitted successfully
2026-09-24 19:27:14 INFO  com.automationExercise.test.smoke.SignupTest - Filling account information for user: Quinn Cochran
2026-09-24 19:27:17 INFO  com.automationExercise.test.smoke.SignupTest - Signup details submitted successfully
2026-09-24 19:27:17 INFO  com.automationExercise.test.smoke.SignupTest - Filling account information for user: Quinn Cochran
2026-09-24 19:27:26 INFO  com.automationExercise.test.smoke.SignupTest - Test Case ID: TC_SIGNUP_002
2026-09-24 19:27:26 INFO  com.automationExercise.test.smoke.SignupTest - Test Type: Positive
2026-09-24 19:27:26 INFO  com.automationExercise.test.smoke.SignupTest - Starting valid signup test for user: Sarah Johnson
2026-09-24 19:27:26 INFO  com.automationExercise.test.smoke.SignupTest - Opening Signup page
2026-09-24 19:27:28 INFO  com.automationExercise.test.smoke.SignupTest - Test Case ID: TC_SIGNUP_002
2026-09-24 19:27:28 INFO  com.automationExercise.test.smoke.SignupTest - Test Type: Positive
2026-09-24 19:27:28 INFO  com.automationExercise.test.smoke.SignupTest - Starting valid signup test for user: Sarah Johnson
2026-09-24 19:27:28 INFO  com.automationExercise.test.smoke.SignupTest - Opening Signup page
2026-09-24 19:27:32 INFO  com.automationExercise.test.smoke.SignupTest - Signup details submitted successfully
2026-09-24 19:27:32 INFO  com.automationExercise.test.smoke.SignupTest - Filling account information for user: Sarah Johnson
2026-09-24 19:27:34 INFO  com.automationExercise.test.smoke.SignupTest - Signup details submitted successfully
2026-09-24 19:27:34 INFO  com.automationExercise.test.smoke.SignupTest - Filling account information for user: Sarah Johnson
2026-09-24 19:27:43 INFO  com.automationExercise.test.smoke.SignupTest - Test Case ID: TC_SIGNUP_002
2026-09-24 19:27:43 INFO  com.automationExercise.test.smoke.SignupTest - Test Type: Positive
2026-09-24 19:27:43 INFO  com.automationExercise.test.smoke.SignupTest - Starting valid signup test for user: Sarah Johnson
2026-09-24 19:27:43 INFO  com.automationExercise.test.smoke.SignupTest - Opening Signup page
2026-09-24 19:27:45 INFO  com.automationExercise.test.smoke.SignupTest - Test Case ID: TC_SIGNUP_002
2026-09-24 19:27:45 INFO  com.automationExercise.test.smoke.SignupTest - Test Type: Positive
2026-09-24 19:27:45 INFO  com.automationExercise.test.smoke.SignupTest - Starting valid signup test for user: Sarah Johnson
2026-09-24 19:27:45 INFO  com.automationExercise.test.smoke.SignupTest - Opening Signup page
2026-09-24 19:27:49 INFO  com.automationExercise.test.smoke.SignupTest - Signup details submitted successfully
2026-09-24 19:27:49 INFO  com.automationExercise.test.smoke.SignupTest - Filling account information for user: Sarah Johnson
2026-09-24 19:27:51 INFO  com.automationExercise.test.smoke.SignupTest - Signup details submitted successfully
2026-09-24 19:27:51 INFO  com.automationExercise.test.smoke.SignupTest - Filling account information for user: Sarah Johnson
2026-09-24 19:28:00 INFO  com.automationExercise.test.smoke.SignupTest - Test Case ID: TC_SIGNUP_002
2026-09-24 19:28:00 INFO  com.automationExercise.test.smoke.SignupTest - Test Type: Positive
2026-09-24 19:28:00 INFO  com.automationExercise.test.smoke.SignupTest - Starting valid signup test for user: Sarah Johnson
2026-09-24 19:28:00 INFO  com.automationExercise.test.smoke.SignupTest - Opening Signup page
2026-09-24 19:28:03 INFO  com.automationExercise.test.smoke.SignupTest - Test Case ID: TC_SIGNUP_002
2026-09-24 19:28:03 INFO  com.automationExercise.test.smoke.SignupTest - Test Type: Positive
2026-09-24 19:28:03 INFO  com.automationExercise.test.smoke.SignupTest - Starting valid signup test for user: Sarah Johnson
2026-09-24 19:28:03 INFO  com.automationExercise.test.smoke.SignupTest - Opening Signup page
2026-09-24 19:28:06 INFO  com.automationExercise.test.smoke.SignupTest - Signup details submitted successfully
2026-09-24 19:28:06 INFO  com.automationExercise.test.smoke.SignupTest - Filling account information for user: Sarah Johnson
2026-09-24 19:28:09 INFO  com.automationExercise.test.smoke.SignupTest - Signup details submitted successfully
2026-09-24 19:28:09 INFO  com.automationExercise.test.smoke.SignupTest - Filling account information for user: Sarah Johnson
2026-09-24 19:37:25 INFO  org.testng.internal.Utils - [TestNG] Running:
  C:\Users\hamid\AppData\Local\JetBrains\IdeaIC2025.2\temp-testng-customsuite.xml

2026-09-24 19:37:27 INFO  com.automationExercise.test.smoke.SignupTest - Test Case ID: TC_SIGNUP_001
2026-09-24 19:37:27 INFO  com.automationExercise.test.smoke.SignupTest - Test Type: Positive
2026-09-24 19:37:27 INFO  com.automationExercise.test.smoke.SignupTest - Starting valid signup test for user: Quinn Cochran
2026-09-24 19:37:27 INFO  com.automationExercise.test.smoke.SignupTest - Opening Signup page
2026-09-24 19:37:35 INFO  com.automationExercise.test.smoke.SignupTest - Signup details submitted successfully
2026-09-24 19:37:35 INFO  com.automationExercise.test.smoke.SignupTest - Filling account information for user: Quinn Cochran
2026-09-24 19:37:46 INFO  com.automationExercise.test.smoke.SignupTest - Test Case ID: TC_SIGNUP_001
2026-09-24 19:37:46 INFO  com.automationExercise.test.smoke.SignupTest - Test Type: Positive
2026-09-24 19:37:46 INFO  com.automationExercise.test.smoke.SignupTest - Starting valid signup test for user: Quinn Cochran
2026-09-24 19:37:46 INFO  com.automationExercise.test.smoke.SignupTest - Opening Signup page
2026-09-24 19:37:51 INFO  com.automationExercise.test.smoke.SignupTest - Signup details submitted successfully
2026-09-24 19:37:51 INFO  com.automationExercise.test.smoke.SignupTest - Filling account information for user: Quinn Cochran
2026-09-24 19:38:02 INFO  com.automationExercise.test.smoke.SignupTest - Test Case ID: TC_SIGNUP_002
2026-09-24 19:38:02 INFO  com.automationExercise.test.smoke.SignupTest - Test Type: Positive
2026-09-24 19:38:02 INFO  com.automationExercise.test.smoke.SignupTest - Starting valid signup test for user: Sarah Johnson
2026-09-24 19:38:02 INFO  com.automationExercise.test.smoke.SignupTest - Opening Signup page
2026-09-24 19:38:05 INFO  com.automationExercise.test.smoke.SignupTest - Signup details submitted successfully
2026-09-24 19:38:05 INFO  com.automationExercise.test.smoke.SignupTest - Filling account information for user: Sarah Johnson
2026-09-24 19:38:16 INFO  com.automationExercise.test.smoke.SignupTest - Test Case ID: TC_SIGNUP_002
2026-09-24 19:38:16 INFO  com.automationExercise.test.smoke.SignupTest - Test Type: Positive
2026-09-24 19:38:16 INFO  com.automationExercise.test.smoke.SignupTest - Starting valid signup test for user: Sarah Johnson
2026-09-24 19:38:16 INFO  com.automationExercise.test.smoke.SignupTest - Opening Signup page
2026-09-24 19:38:24 INFO  com.automationExercise.test.smoke.SignupTest - Signup details submitted successfully
2026-09-24 19:38:24 INFO  com.automationExercise.test.smoke.SignupTest - Filling account information for user: Sarah Johnson
2026-09-24 19:45:25 INFO  com.automationExercise.test.smoke.SignupTest - Test Case ID: TC_SIGNUP_001
2026-09-24 19:45:25 INFO  com.automationExercise.test.smoke.SignupTest - Test Type: Positive
2026-09-24 19:45:25 INFO  com.automationExercise.test.smoke.SignupTest - Starting valid signup test for user: Quinn Cochran
2026-09-24 19:45:25 INFO  com.automationExercise.test.smoke.SignupTest - Opening Signup page
2026-09-24 19:45:29 INFO  com.automationExercise.test.smoke.SignupTest - Signup details submitted successfully
2026-09-24 19:45:29 INFO  com.automationExercise.test.smoke.SignupTest - Filling account information for user: Quinn Cochran
2026-09-24 19:45:40 INFO  com.automationExercise.test.smoke.SignupTest - Test Case ID: TC_SIGNUP_001
2026-09-24 19:45:41 INFO  com.automationExercise.test.smoke.SignupTest - Test Type: Positive
2026-09-24 19:45:41 INFO  com.automationExercise.test.smoke.SignupTest - Starting valid signup test for user: Quinn Cochran
2026-09-24 19:45:41 INFO  com.automationExercise.test.smoke.SignupTest - Opening Signup page
2026-09-24 19:45:46 INFO  com.automationExercise.test.smoke.SignupTest - Signup details submitted successfully
2026-09-24 19:45:46 INFO  com.automationExercise.test.smoke.SignupTest - Filling account information for user: Quinn Cochran
2026-09-24 19:45:58 INFO  com.automationExercise.test.smoke.SignupTest - Test Case ID: TC_SIGNUP_002
2026-09-24 19:45:58 INFO  com.automationExercise.test.smoke.SignupTest - Test Type: Positive
2026-09-24 19:45:58 INFO  com.automationExercise.test.smoke.SignupTest - Starting valid signup test for user: Sarah Johnson
2026-09-24 19:45:58 INFO  com.automationExercise.test.smoke.SignupTest - Opening Signup page
2026-09-24 19:46:05 INFO  com.automationExercise.test.smoke.SignupTest - Signup details submitted successfully
2026-09-24 19:46:05 INFO  com.automationExercise.test.smoke.SignupTest - Filling account information for user: Sarah Johnson
2026-09-24 19:46:16 INFO  com.automationExercise.test.smoke.SignupTest - Test Case ID: TC_SIGNUP_002
2026-09-24 19:46:16 INFO  com.automationExercise.test.smoke.SignupTest - Test Type: Positive
2026-09-24 19:46:16 INFO  com.automationExercise.test.smoke.SignupTest - Starting valid signup test for user: Sarah Johnson
2026-09-24 19:46:16 INFO  com.automationExercise.test.smoke.SignupTest - Opening Signup page
2026-09-24 19:46:22 INFO  com.automationExercise.test.smoke.SignupTest - Signup details submitted successfully
2026-09-24 19:46:22 INFO  com.automationExercise.test.smoke.SignupTest - Filling account information for user: Sarah Johnson
2026-09-25 18:09:38 INFO  com.automationExercise.test.smoke.SignupTest - Test Case ID: TC_SIGNUP_001
2026-09-25 18:09:38 INFO  com.automationExercise.test.smoke.SignupTest - Test Type: Positive
2026-09-25 18:09:38 INFO  com.automationExercise.test.smoke.SignupTest - Starting valid signup test for user: Quinn Cochran
2026-09-25 18:09:38 INFO  com.automationExercise.test.smoke.SignupTest - Opening Signup page
2026-09-25 18:09:45 INFO  com.automationExercise.test.smoke.SignupTest - Signup details submitted successfully
2026-09-25 18:09:45 INFO  com.automationExercise.test.smoke.SignupTest - Filling account information for user: Quinn Cochran
2026-09-25 18:09:56 INFO  com.automationExercise.test.smoke.SignupTest - Test Case ID: TC_SIGNUP_001
2026-09-25 18:09:56 INFO  com.automationExercise.test.smoke.SignupTest - Test Type: Positive
2026-09-25 18:09:56 INFO  com.automationExercise.test.smoke.SignupTest - Starting valid signup test for user: Quinn Cochran
2026-09-25 18:09:56 INFO  com.automationExercise.test.smoke.SignupTest - Opening Signup page
2026-09-25 18:10:02 INFO  com.automationExercise.test.smoke.SignupTest - Signup details submitted successfully
2026-09-25 18:10:02 INFO  com.automationExercise.test.smoke.SignupTest - Filling account information for user: Quinn Cochran
2026-09-25 18:10:14 INFO  com.automationExercise.test.smoke.SignupTest - Test Case ID: TC_SIGNUP_002
2026-09-25 18:10:14 INFO  com.automationExercise.test.smoke.SignupTest - Test Type: Positive
2026-09-25 18:10:14 INFO  com.automationExercise.test.smoke.SignupTest - Starting valid signup test for user: Sarah Johnson
2026-09-25 18:10:14 INFO  com.automationExercise.test.smoke.SignupTest - Opening Signup page
2026-09-25 18:10:18 INFO  com.automationExercise.test.smoke.SignupTest - Signup details submitted successfully
2026-09-25 18:10:18 INFO  com.automationExercise.test.smoke.SignupTest - Filling account information for user: Sarah Johnson
2026-09-25 18:10:43 INFO  com.automationExercise.test.smoke.SignupTest - Test Case ID: TC_SIGNUP_002
2026-09-25 18:10:43 INFO  com.automationExercise.test.smoke.SignupTest - Test Type: Positive
2026-09-25 18:10:43 INFO  com.automationExercise.test.smoke.SignupTest - Starting valid signup test for user: Sarah Johnson
2026-09-25 18:10:43 INFO  com.automationExercise.test.smoke.SignupTest - Opening Signup page
2026-09-25 18:10:46 INFO  com.automationExercise.test.smoke.SignupTest - Signup details submitted successfully
2026-09-25 18:10:46 INFO  com.automationExercise.test.smoke.SignupTest - Filling account information for user: Sarah Johnson
2026-09-25 18:11:59 INFO  com.automationExercise.test.smoke.SignupTest - Test Case ID: TC_SIGNUP_001
2026-09-25 18:11:59 INFO  com.automationExercise.test.smoke.SignupTest - Test Type: Positive
2026-09-25 18:11:59 INFO  com.automationExercise.test.smoke.SignupTest - Starting valid signup test for user: Quinn Cochran
2026-09-25 18:11:59 INFO  com.automationExercise.test.smoke.SignupTest - Opening Signup page
2026-09-25 18:12:03 INFO  com.automationExercise.test.smoke.SignupTest - Signup details submitted successfully
2026-09-25 18:12:03 INFO  com.automationExercise.test.smoke.SignupTest - Filling account information for user: Quinn Cochran
2026-09-25 18:12:14 INFO  com.automationExercise.test.smoke.SignupTest - Test Case ID: TC_SIGNUP_001
2026-09-25 18:12:14 INFO  com.automationExercise.test.smoke.SignupTest - Test Type: Positive
2026-09-25 18:12:14 INFO  com.automationExercise.test.smoke.SignupTest - Starting valid signup test for user: Quinn Cochran
2026-09-25 18:12:14 INFO  com.automationExercise.test.smoke.SignupTest - Opening Signup page
2026-09-25 18:12:18 INFO  com.automationExercise.test.smoke.SignupTest - Signup details submitted successfully
2026-09-25 18:12:18 INFO  com.automationExercise.test.smoke.SignupTest - Filling account information for user: Quinn Cochran
2026-09-25 18:12:30 INFO  com.automationExercise.test.smoke.SignupTest - Test Case ID: TC_SIGNUP_002
2026-09-25 18:12:30 INFO  com.automationExercise.test.smoke.SignupTest - Test Type: Positive
2026-09-25 18:12:30 INFO  com.automationExercise.test.smoke.SignupTest - Starting valid signup test for user: Sarah Johnson
2026-09-25 18:12:30 INFO  com.automationExercise.test.smoke.SignupTest - Opening Signup page
2026-09-25 18:12:37 INFO  com.automationExercise.test.smoke.SignupTest - Signup details submitted successfully
2026-09-25 18:12:37 INFO  com.automationExercise.test.smoke.SignupTest - Filling account information for user: Sarah Johnson
2026-09-25 18:12:48 INFO  com.automationExercise.test.smoke.SignupTest - Test Case ID: TC_SIGNUP_002
2026-09-25 18:12:48 INFO  com.automationExercise.test.smoke.SignupTest - Test Type: Positive
2026-09-25 18:12:48 INFO  com.automationExercise.test.smoke.SignupTest - Starting valid signup test for user: Sarah Johnson
2026-09-25 18:12:48 INFO  com.automationExercise.test.smoke.SignupTest - Opening Signup page
2026-09-25 18:12:54 INFO  com.automationExercise.test.smoke.SignupTest - Signup details submitted successfully
2026-09-25 18:12:54 INFO  com.automationExercise.test.smoke.SignupTest - Filling account information for user: Sarah Johnson
2026-09-28 14:52:25 INFO  org.testng.internal.Utils - [TestNG] Running:
  C:\Users\hamid\AppData\Local\JetBrains\IdeaIC2025.2\temp-testng-customsuite.xml

2026-09-28 17:29:17 INFO  org.testng.internal.Utils - [TestNG] Running:
  C:\Users\hamid\AppData\Local\JetBrains\IdeaIC2025.2\temp-testng-customsuite.xml

2026-09-28 17:37:41 INFO  org.testng.internal.Utils - [TestNG] Running:
  C:\Users\hamid\AppData\Local\JetBrains\IdeaIC2025.2\temp-testng-customsuite.xml

2026-09-28 17:38:41 INFO  org.testng.internal.Utils - [TestNG] Running:
  C:\Users\hamid\AppData\Local\JetBrains\IdeaIC2025.2\temp-testng-customsuite.xml

2026-09-28 17:40:10 INFO  org.testng.internal.Utils - [TestNG] Running:
  C:\Users\hamid\AppData\Local\JetBrains\IdeaIC2025.2\temp-testng-customsuite.xml

2026-09-28 17:40:36 INFO  org.testng.internal.Utils - [TestNG] Running:
  C:\Users\hamid\AppData\Local\JetBrains\IdeaIC2025.2\temp-testng-customsuite.xml

2026-09-28 17:50:15 INFO  org.testng.internal.Utils - [TestNG] Running:
  C:\Users\hamid\AppData\Local\JetBrains\IdeaIC2025.2\temp-testng-customsuite.xml

2026-09-28 17:50:17 INFO  com.automationExercise.test.smoke.ProductTest - Starting test: TC_PROD_002 - Verify product search
2026-09-28 17:50:17 INFO  com.automationExercise.test.smoke.ProductTest - Opening Products page
2026-09-28 17:50:19 INFO  com.automationExercise.test.smoke.ProductTest - Searching for product: Blue Top
2026-09-28 18:10:12 INFO  org.testng.internal.Utils - [TestNG] Running:
  C:\Users\hamid\AppData\Local\JetBrains\IdeaIC2025.2\temp-testng-customsuite.xml

2026-09-28 18:10:14 INFO  com.automationExercise.test.smoke.ProductTest - Starting test: TC_PROD_002 - Verify product search
2026-09-28 18:10:14 INFO  com.automationExercise.test.smoke.ProductTest - Opening Products page
2026-09-28 18:10:18 INFO  com.automationExercise.test.smoke.ProductTest - Searching for product: Blue Top
2026-09-28 18:10:52 INFO  com.automationExercise.test.smoke.ProductTest - Verifying Searched Products section
2026-09-28 18:10:52 INFO  com.automationExercise.test.smoke.ProductTest - Test passed: TC_PROD_002
2026-09-28 18:13:01 INFO  org.testng.internal.Utils - [TestNG] Running:
  C:\Users\hamid\AppData\Local\JetBrains\IdeaIC2025.2\temp-testng-customsuite.xml

2026-09-28 18:13:03 INFO  com.automationExercise.test.smoke.ProductTest - Starting test: TC_PROD_002 - Verify product search
2026-09-28 18:13:03 INFO  com.automationExercise.test.smoke.ProductTest - Opening Products page
2026-09-28 18:13:06 INFO  com.automationExercise.test.smoke.ProductTest - Searching for product: Blue Top
2026-09-28 18:13:19 INFO  com.automationExercise.test.smoke.ProductTest - Verifying Searched Products section
2026-09-28 18:13:19 INFO  com.automationExercise.test.smoke.ProductTest - Test passed: TC_PROD_002
2026-09-28 18:13:41 INFO  org.testng.internal.Utils - [TestNG] Running:
  C:\Users\hamid\AppData\Local\JetBrains\IdeaIC2025.2\temp-testng-customsuite.xml

2026-09-28 18:13:49 INFO  org.testng.internal.Utils - [TestNG] Running:
  C:\Users\hamid\AppData\Local\JetBrains\IdeaIC2025.2\temp-testng-customsuite.xml

2026-09-28 18:13:51 INFO  com.automationExercise.test.smoke.ProductTest - Starting test: TC_PROD_002 - Verify product search
2026-09-28 18:13:51 INFO  com.automationExercise.test.smoke.ProductTest - Opening Products page
2026-09-28 18:13:56 INFO  com.automationExercise.test.smoke.ProductTest - Searching for product: Blue Top
2026-09-28 18:14:36 INFO  org.testng.internal.Utils - [TestNG] Running:
  C:\Users\hamid\AppData\Local\JetBrains\IdeaIC2025.2\temp-testng-customsuite.xml

2026-09-28 18:14:38 INFO  com.automationExercise.test.smoke.ProductTest - Starting test: TC_PROD_002 - Verify product search
2026-09-28 18:14:38 INFO  com.automationExercise.test.smoke.ProductTest - Opening Products page
2026-09-28 18:14:41 INFO  com.automationExercise.test.smoke.ProductTest - Searching for product: Blue Top
2026-09-28 18:15:00 INFO  org.testng.internal.Utils - [TestNG] Running:
  C:\Users\hamid\AppData\Local\JetBrains\IdeaIC2025.2\temp-testng-customsuite.xml

2026-09-28 18:15:02 INFO  com.automationExercise.test.smoke.ProductTest - Starting test: TC_PROD_002 - Verify product search
2026-09-28 18:15:02 INFO  com.automationExercise.test.smoke.ProductTest - Opening Products page
2026-09-28 18:15:06 INFO  com.automationExercise.test.smoke.ProductTest - Searching for product: Blue Top
2026-09-28 18:16:26 INFO  org.testng.internal.Utils - [TestNG] Running:
  C:\Users\hamid\AppData\Local\JetBrains\IdeaIC2025.2\temp-testng-customsuite.xml

2026-09-28 18:16:28 INFO  com.automationExercise.test.smoke.ProductTest - Starting test: TC_PROD_002 - Verify product search
2026-09-28 18:16:28 INFO  com.automationExercise.test.smoke.ProductTest - Opening Products page
2026-09-28 18:16:31 INFO  com.automationExercise.test.smoke.ProductTest - Searching for product: Blue Top
2026-09-28 18:16:45 INFO  com.automationExercise.test.smoke.ProductTest - Verifying Searched Products section
2026-09-28 18:16:45 INFO  com.automationExercise.test.smoke.ProductTest - Test passed: TC_PROD_002
2026-09-28 18:17:05 INFO  org.testng.internal.Utils - [TestNG] Running:
  C:\Users\hamid\AppData\Local\JetBrains\IdeaIC2025.2\temp-testng-customsuite.xml

2026-09-28 18:17:07 INFO  com.automationExercise.test.smoke.ProductTest - Starting test: TC_PROD_002 - Verify product search
2026-09-28 18:17:07 INFO  com.automationExercise.test.smoke.ProductTest - Opening Products page
2026-09-28 18:17:11 INFO  com.automationExercise.test.smoke.ProductTest - Searching for product: Blue Top
2026-09-28 18:17:24 INFO  com.automationExercise.test.smoke.ProductTest - Verifying Searched Products section
2026-09-28 18:17:24 INFO  com.automationExercise.test.smoke.ProductTest - Test passed: TC_PROD_002
2026-09-28 18:19:55 INFO  org.testng.internal.Utils - [TestNG] Running:
  C:\Users\hamid\AppData\Local\JetBrains\IdeaIC2025.2\temp-testng-customsuite.xml

2026-09-28 18:19:58 INFO  com.automationExercise.test.smoke.ProductTest - Starting test: TC_PROD_002 - Verify product search
2026-09-28 18:19:58 INFO  com.automationExercise.test.smoke.ProductTest - Opening Products page
2026-09-28 18:20:02 INFO  com.automationExercise.test.smoke.ProductTest - Searching for product: Blue Top
2026-09-28 18:29:44 INFO  org.testng.internal.Utils - [TestNG] Running:
  C:\Users\hamid\AppData\Local\JetBrains\IdeaIC2025.2\temp-testng-customsuite.xml

2026-09-28 18:29:48 INFO  com.automationExercise.test.smoke.ProductTest - Starting test: TC_PROD_002 - Verify product search
2026-09-28 18:29:48 INFO  com.automationExercise.test.smoke.ProductTest - Opening Products page
2026-09-28 18:29:51 INFO  com.automationExercise.test.smoke.ProductTest - Searching for product: Blue Top
2026-09-28 18:32:44 INFO  org.testng.internal.Utils - [TestNG] Running:
  C:\Users\hamid\AppData\Local\JetBrains\IdeaIC2025.2\temp-testng-customsuite.xml

2026-09-28 18:32:47 INFO  com.automationExercise.test.smoke.ProductTest - Starting test: TC_PROD_002 - Verify product search
2026-09-28 18:32:47 INFO  com.automationExercise.test.smoke.ProductTest - Opening Products page
2026-09-28 18:32:51 INFO  com.automationExercise.test.smoke.ProductTest - Searching for product: Blue Top
2026-09-28 18:33:05 INFO  com.automationExercise.test.smoke.ProductTest - Verifying Searched Products section
2026-09-28 18:33:05 INFO  com.automationExercise.test.smoke.ProductTest - Test passed: TC_PROD_002
2026-09-28 18:33:46 INFO  org.testng.internal.Utils - [TestNG] Running:
  C:\Users\hamid\AppData\Local\JetBrains\IdeaIC2025.2\temp-testng-customsuite.xml

2026-09-28 18:33:48 INFO  com.automationExercise.test.smoke.ProductTest - Starting test: TC_PROD_005 - Verify brand
2026-09-28 18:33:48 INFO  com.automationExercise.test.smoke.ProductTest - Opening Products page
2026-09-28 18:33:49 INFO  com.automationExercise.test.smoke.ProductTest - Selecting brand: POLO
2026-09-28 18:33:56 INFO  com.automationExercise.test.smoke.ProductTest - Starting test: TC_PROD_003 - Verify category
2026-09-28 18:33:56 INFO  com.automationExercise.test.smoke.ProductTest - Opening Products page
2026-09-28 18:34:08 INFO  com.automationExercise.test.smoke.ProductTest - Selecting category: Women
2026-09-28 18:34:08 INFO  com.automationExercise.test.smoke.ProductTest - Verifying Women category
2026-09-28 18:34:08 INFO  com.automationExercise.test.smoke.ProductTest - Test passed: TC_PROD_003
2026-09-28 18:34:09 INFO  com.automationExercise.test.smoke.ProductTest - Starting test: TC_PROD_002 - Verify product search
2026-09-28 18:34:09 INFO  com.automationExercise.test.smoke.ProductTest - Opening Products page
2026-09-28 18:34:13 INFO  com.automationExercise.test.smoke.ProductTest - Searching for product: Blue Top
2026-09-28 18:34:15 INFO  com.automationExercise.test.smoke.ProductTest - Starting test: TC_PROD_001 - Verify Products page is displayed
2026-09-28 18:34:15 INFO  com.automationExercise.test.smoke.ProductTest - Opening Products page
2026-09-28 18:34:18 INFO  com.automationExercise.test.smoke.ProductTest - Verifying Products page is displayed
2026-09-28 18:34:18 INFO  com.automationExercise.test.smoke.ProductTest - Verifying Products URL
2026-09-28 18:34:18 INFO  com.automationExercise.test.smoke.ProductTest - Test passed: TC_PROD_001
2026-09-28 18:34:19 INFO  com.automationExercise.test.smoke.ProductTest - Starting test: TC_PROD_004 - Verify sub-category
2026-09-28 18:34:19 INFO  com.automationExercise.test.smoke.ProductTest - Opening Products page
2026-09-28 18:34:21 INFO  com.automationExercise.test.smoke.ProductTest - Selecting category: Women
2026-09-28 18:34:21 INFO  com.automationExercise.test.smoke.ProductTest - Selecting sub-category: Tops
2026-09-28 18:34:45 INFO  com.automationExercise.test.smoke.ProductTest - Verifying Women - Tops sub-category
2026-10-02 13:48:36 INFO  org.testng.internal.Utils - [TestNG] Running:
  C:\Users\hamid\AppData\Local\JetBrains\IdeaIC2025.2\temp-testng-customsuite.xml

2026-10-02 13:48:38 INFO  com.automationExercise.test.smoke.SignupTest - Test Case ID: TC_SIGNUP_001
2026-10-02 13:48:38 INFO  com.automationExercise.test.smoke.SignupTest - Test Type: Positive
2026-10-02 13:48:38 INFO  com.automationExercise.test.smoke.SignupTest - Starting valid signup test for user: Quinn Cochran
2026-10-02 13:48:38 INFO  com.automationExercise.test.smoke.SignupTest - Opening Signup page
2026-10-02 13:48:45 INFO  com.automationExercise.test.smoke.SignupTest - Signup details submitted successfully
2026-10-02 13:48:45 INFO  com.automationExercise.test.smoke.SignupTest - Filling account information for user: Quinn Cochran
2026-10-02 13:48:55 INFO  com.automationExercise.test.smoke.SignupTest - Test Case ID: TC_SIGNUP_001
2026-10-02 13:48:55 INFO  com.automationExercise.test.smoke.SignupTest - Test Type: Positive
2026-10-02 13:48:55 INFO  com.automationExercise.test.smoke.SignupTest - Starting valid signup test for user: Quinn Cochran
2026-10-02 13:48:55 INFO  com.automationExercise.test.smoke.SignupTest - Opening Signup page
2026-10-02 13:48:55 INFO  com.automationExercise.test.smoke.SignupTest - Test Case ID: TC_SIGNUP_002
2026-10-02 13:48:55 INFO  com.automationExercise.test.smoke.SignupTest - Test Type: Positive
2026-10-02 13:48:55 INFO  com.automationExercise.test.smoke.SignupTest - Starting valid signup test for user: Sarah Johnson
2026-10-02 13:48:55 INFO  com.automationExercise.test.smoke.SignupTest - Opening Signup page
2026-10-02 13:48:55 INFO  com.automationExercise.test.smoke.SignupTest - Test Case ID: TC_SIGNUP_002
2026-10-02 13:48:55 INFO  com.automationExercise.test.smoke.SignupTest - Test Type: Positive
2026-10-02 13:48:55 INFO  com.automationExercise.test.smoke.SignupTest - Starting valid signup test for user: Sarah Johnson
2026-10-02 13:48:55 INFO  com.automationExercise.test.smoke.SignupTest - Opening Signup page
2026-10-02 13:50:20 INFO  org.testng.internal.Utils - [TestNG] Running:
  C:\Users\hamid\AppData\Local\JetBrains\IdeaIC2025.2\temp-testng-customsuite.xml

2026-10-02 13:50:23 INFO  com.automationExercise.test.smoke.SignupTest - Test Case ID: TC_SIGNUP_001
2026-10-02 13:50:23 INFO  com.automationExercise.test.smoke.SignupTest - Test Type: Positive
2026-10-02 13:50:23 INFO  com.automationExercise.test.smoke.SignupTest - Starting valid signup test for user: Quinn Cochran
2026-10-02 13:50:23 INFO  com.automationExercise.test.smoke.SignupTest - Opening Signup page
2026-10-02 13:50:29 INFO  com.automationExercise.test.smoke.SignupTest - Signup details submitted successfully
2026-10-02 13:50:29 INFO  com.automationExercise.test.smoke.SignupTest - Filling account information for user: Quinn Cochran
2026-10-02 13:50:42 INFO  com.automationExercise.test.smoke.SignupTest - Test data cleanup successful for: quinn.valid0fd01@gmail.com
2026-10-02 13:50:43 INFO  com.automationExercise.test.smoke.SignupTest - Test Case ID: TC_SIGNUP_001
2026-10-02 13:50:43 INFO  com.automationExercise.test.smoke.SignupTest - Test Type: Positive
2026-10-02 13:50:43 INFO  com.automationExercise.test.smoke.SignupTest - Starting valid signup test for user: Quinn Cochran
2026-10-02 13:50:43 INFO  com.automationExercise.test.smoke.SignupTest - Opening Signup page
2026-10-02 13:50:50 INFO  com.automationExercise.test.smoke.SignupTest - Signup details submitted successfully
2026-10-02 13:50:50 INFO  com.automationExercise.test.smoke.SignupTest - Filling account information for user: Quinn Cochran
2026-10-02 13:50:52 INFO  com.automationExercise.test.smoke.SignupTest - Account information filled successfully
2026-10-02 13:50:52 INFO  com.automationExercise.test.smoke.SignupTest - Creating account
2026-10-02 13:50:55 INFO  com.automationExercise.test.smoke.SignupTest - Verifying Account Created message
2026-10-02 13:50:55 INFO  com.automationExercise.test.smoke.SignupTest - Test Case TC_SIGNUP_001 passed successfully
2026-10-02 13:50:56 INFO  com.automationExercise.test.smoke.SignupTest - Test data cleanup successful for: quinn.valid0fd01@gmail.com
2026-10-02 13:50:57 INFO  com.automationExercise.test.smoke.SignupTest - Test Case ID: TC_SIGNUP_002
2026-10-02 13:50:57 INFO  com.automationExercise.test.smoke.SignupTest - Test Type: Positive
2026-10-02 13:50:57 INFO  com.automationExercise.test.smoke.SignupTest - Starting valid signup test for user: Sarah Johnson
2026-10-02 13:50:57 INFO  com.automationExercise.test.smoke.SignupTest - Opening Signup page
2026-10-02 13:51:03 INFO  com.automationExercise.test.smoke.SignupTest - Signup details submitted successfully
2026-10-02 13:51:03 INFO  com.automationExercise.test.smoke.SignupTest - Filling account information for user: Sarah Johnson
2026-10-02 13:51:15 INFO  com.automationExercise.test.smoke.SignupTest - Test data cleanup successful for: sarah.valid0dfd02@gmail.com
2026-10-02 13:51:16 INFO  com.automationExercise.test.smoke.SignupTest - Test Case ID: TC_SIGNUP_002
2026-10-02 13:51:16 INFO  com.automationExercise.test.smoke.SignupTest - Test Type: Positive
2026-10-02 13:51:16 INFO  com.automationExercise.test.smoke.SignupTest - Starting valid signup test for user: Sarah Johnson
2026-10-02 13:51:16 INFO  com.automationExercise.test.smoke.SignupTest - Opening Signup page
2026-10-02 13:51:23 INFO  com.automationExercise.test.smoke.SignupTest - Signup details submitted successfully
2026-10-02 13:51:23 INFO  com.automationExercise.test.smoke.SignupTest - Filling account information for user: Sarah Johnson
2026-10-02 13:51:27 INFO  com.automationExercise.test.smoke.SignupTest - Test data cleanup successful for: sarah.valid0dfd02@gmail.com
